app/api/video/analyze/route.ts(179,90): error TS2339: Property 'text' does not exist on type 'GenerateContentResponse'.
components/shared/GenerationStatus.tsx(71,55): error TS2339: Property 'animate' does not exist on type '{ icon: LucideIcon; label: string; color: string; bg: string; } | { icon: LucideIcon; label: string; color: string; bg: string; animate: boolean; } | { icon: LucideIcon; label: string; color: string; bg: string; } | { ...; } | { ...; } | { ...; }'.
  Property 'animate' does not exist on type '{ icon: LucideIcon; label: string; color: string; bg: string; }'.
components/shared/GenerationStatus.tsx(91,15): error TS2339: Property 'animate' does not exist on type '{ icon: LucideIcon; label: string; color: string; bg: string; } | { icon: LucideIcon; label: string; color: string; bg: string; animate: boolean; } | { icon: LucideIcon; label: string; color: string; bg: string; } | { ...; } | { ...; } | { ...; }'.
  Property 'animate' does not exist on type '{ icon: LucideIcon; label: string; color: string; bg: string; }'.
lib/data/template-library.ts(18,3): error TS2322: Type '{ id: string; title: string; description: string; category: string; tags: string[]; duration: number; aspectRatio: "16:9" | "9:16" | "1:1"; hiddenPrompt: string; videoUrl: string; thumbnailUrl: string; createdAt: Date; featured: false; }[]' is not assignable to type 'TemplateWithPrompt[]'.
  Type '{ id: string; title: string; description: string; category: string; tags: string[]; duration: number; aspectRatio: "16:9" | "9:16" | "1:1"; hiddenPrompt: string; videoUrl: string; thumbnailUrl: string; createdAt: Date; featured: false; }' is not assignable to type 'TemplateWithPrompt'.
    Types of property 'category' are incompatible.
      Type 'string' is not assignable to type 'TemplateCategory'.
lib/replicate.ts(70,16): error TS18048: 'modelData.latest_version' is possibly 'undefined'.
lib/replicate.ts(75,16): error TS18048: 'modelData.latest_version' is possibly 'undefined'.
lib/replicate.ts(83,20): error TS18048: 'modelData.latest_version' is possibly 'undefined'.
lib/replicate.ts(87,20): error TS18048: 'modelData.latest_version' is possibly 'undefined'.
